OpenJDK 64-Bit Server VM (25.292-b10) for windows-amd64 JRE (1.8.0_292-b10), built on Apr 21 2021 04:52:30 by "jenkins" with MS VC++ 12.0 (VS2013)
Memory: 4k page, physical 33282680k(18971940k free), swap 66837112k(47221748k free)
CommandLine flags: -XX:+AggressiveOpts -XX:+CMSClassUnloadingEnabled -XX:CMSInitiatingOccupancyFraction=75 -XX:+CMSParallelRemarkEnabled -XX:+HeapDumpOnOutOfMemoryError -XX:InitialHeapSize=536870912 -XX:InitialTenuringThreshold=1 -XX:MaxHeapSize=5368709120 -XX:MaxNewSize=104857600 -XX:MaxTenuringThreshold=1 -XX:NewSize=104857600 -XX:OldPLABSize=16 -XX:+OptimizeStringConcat -XX:+PrintGC -XX:+PrintGCDetails -XX:+PrintGCTimeStamps -XX:SurvivorRatio=8 -XX:ThreadPriorityPolicy=42 -XX:ThreadStackSize=2048 -XX:+UseCMSInitiatingOccupancyOnly -XX:+UseCompressedClassPointers -XX:+UseCompressedOops -XX:+UseConcMarkSweepGC -XX:+UseFastAccessorMethods -XX:-UseLargePagesIndividualAllocation -XX:+UseParNewGC -XX:+UseThreadPriorities 
1.115: [GC (Allocation Failure) 1.115: [ParNew: 81920K->10240K(92160K), 0.0068566 secs] 81920K->10704K(514048K), 0.0070301 secs] [Times: user=0.00 sys=0.00, real=0.01 secs] 
1.889: [GC (Allocation Failure) 1.889: [ParNew: 92160K->10239K(92160K), 0.0212637 secs] 92624K->16215K(514048K), 0.0213162 secs] [Times: user=0.06 sys=0.00, real=0.02 secs] 
1.911: [GC (CMS Initial Mark) [1 CMS-initial-mark: 5975K(421888K)] 18740K(514048K), 0.0012910 secs] [Times: user=0.00 sys=0.00, real=0.00 secs] 
1.912: [CMS-concurrent-mark-start]
1.917: [CMS-concurrent-mark: 0.004/0.005 secs] [Times: user=0.00 sys=0.00, real=0.01 secs] 
1.917: [CMS-concurrent-preclean-start]
1.918: [CMS-concurrent-preclean: 0.001/0.001 secs] [Times: user=0.00 sys=0.00, real=0.00 secs] 
1.918: [CMS-concurrent-abortable-preclean-start]
2.234: [CMS-concurrent-abortable-preclean: 0.270/0.316 secs] [Times: user=1.08 sys=0.08, real=0.32 secs] 
2.235: [GC (CMS Final Remark) [YG occupancy: 53431 K (92160 K)]2.235: [Rescan (parallel) , 0.0030416 secs]2.238: [weak refs processing, 0.0000499 secs]2.238: [class unloading, 0.0034694 secs]2.241: [scrub symbol table, 0.0025687 secs]2.244: [scrub string table, 0.0002650 secs][1 CMS-remark: 5975K(421888K)] 59406K(514048K), 0.0096688 secs] [Times: user=0.17 sys=0.00, real=0.01 secs] 
2.244: [CMS-concurrent-sweep-start]
2.246: [CMS-concurrent-sweep: 0.002/0.002 secs] [Times: user=0.00 sys=0.00, real=0.00 secs] 
2.246: [CMS-concurrent-reset-start]
2.292: [CMS-concurrent-reset: 0.041/0.045 secs] [Times: user=0.31 sys=0.05, real=0.05 secs] 
3.486: [GC (Allocation Failure) 3.487: [ParNew: 92159K->10240K(92160K), 0.0136681 secs] 97669K->27777K(514048K), 0.0137246 secs] [Times: user=0.00 sys=0.00, real=0.01 secs] 
